\BOOKMARK [1][-]{section.1}{\376\377\000I\000n\000t\000r\000o\000d\000u\000c\000t\000i\000o\000n}{}% 1
\BOOKMARK [1][-]{section.2}{\376\377\000M\000a\000t\000h\000e\000m\000a\000t\000i\000c\000a\000l\000\040\000p\000r\000o\000b\000l\000e\000m}{}% 2
\BOOKMARK [1][-]{section.3}{\376\377\000N\000u\000m\000e\000r\000i\000c\000a\000l\000\040\000i\000m\000p\000l\000e\000m\000e\000n\000t\000a\000t\000i\000o\000n}{}% 3
\BOOKMARK [2][-]{subsection.3.1}{\376\377\000I\000n\000t\000r\000o\000d\000u\000c\000t\000i\000o\000n\000\040\000t\000o\000\040\000t\000h\000e\000\040\000F\000i\000n\000i\000t\000e\000\040\000D\000i\000f\000f\000e\000r\000e\000n\000c\000e\000\040\000M\000e\000t\000h\000o\000d}{section.3}% 4
\BOOKMARK [2][-]{subsection.3.2}{\376\377\000T\000h\000e\000\040\000s\000p\000a\000t\000i\000a\000l\000\040\000d\000i\000s\000c\000r\000e\000t\000i\000z\000a\000t\000i\000o\000n\000\040\000o\000f\000\040\000t\000h\000e\000\040\000s\000y\000s\000t\000e\000m}{section.3}% 5
\BOOKMARK [2][-]{subsection.3.3}{\376\377\000T\000i\000m\000e\000\040\000D\000i\000s\000c\000r\000e\000t\000i\000z\000a\000t\000i\000o\000n}{section.3}% 6
\BOOKMARK [2][-]{subsection.3.4}{\376\377\000D\000i\000r\000e\000c\000t\000i\000o\000n\000-\000s\000p\000l\000i\000t\000t\000i\000n\000g\000\040\000M\000e\000t\000h\000o\000d\000\040\000f\000o\000r\000\040\000N\000S\000B}{section.3}% 7
\BOOKMARK [3][-]{subsubsection.3.4.1}{\376\377\000M\000e\000t\000h\000o\000d\000\040\000d\000e\000s\000c\000r\000i\000p\000t\000i\000o\000n}{subsection.3.4}% 8
\BOOKMARK [1][-]{section.4}{\376\377\000B\000o\000u\000n\000d\000a\000r\000y\000\040\000C\000o\000n\000d\000i\000t\000i\000o\000n\000s\000\040\000i\000n\000\040\000a\000\040\000S\000t\000a\000g\000g\000e\000r\000e\000d\000\040\000G\000r\000i\000d}{}% 9
\BOOKMARK [2][-]{subsection.4.1}{\376\377\000V\000e\000l\000o\000c\000i\000t\000y\000\040\000B\000o\000u\000n\000d\000a\000r\000y\000\040\000C\000o\000n\000d\000i\000t\000i\000o\000n\000s}{section.4}% 10
\BOOKMARK [3][-]{subsubsection.4.1.1}{\376\377\000P\000a\000r\000a\000l\000l\000e\000l\000\040\000C\000o\000m\000p\000o\000n\000e\000n\000t\000\040\000\050\000e\000.\000g\000.\000,\000\040\000u\000\040\000i\000n\000\040\000t\000h\000e\000\040\000X\000-\000s\000w\000e\000e\000p\000\051}{subsection.4.1}% 11
\BOOKMARK [3][-]{subsubsection.4.1.2}{\376\377\000T\000a\000n\000g\000e\000n\000t\000i\000a\000l\000\040\000C\000o\000m\000p\000o\000n\000e\000n\000t\000s\000\040\000\050\000e\000.\000g\000.\000,\000\040\000v\000\040\000o\000r\000\040\000w\000\040\000i\000n\000\040\000t\000h\000e\000\040\000X\000-\000s\000w\000e\000e\000p\000\051}{subsection.4.1}% 12
\BOOKMARK [2][-]{subsection.4.2}{\376\377\000P\000r\000e\000s\000s\000u\000r\000e\000\040\000B\000o\000u\000n\000d\000a\000r\000y\000\040\000C\000o\000n\000d\000i\000t\000i\000o\000n\000s}{section.4}% 13
\BOOKMARK [3][-]{subsubsection.4.2.1}{\376\377\000L\000e\000f\000t\000\040\000B\000o\000u\000n\000d\000a\000r\000y\000\040\000\050\000O\000r\000i\000g\000i\000n\000\051}{subsection.4.2}% 14
\BOOKMARK [3][-]{subsubsection.4.2.2}{\376\377\000R\000i\000g\000h\000t\000\040\000B\000o\000u\000n\000d\000a\000r\000y}{subsection.4.2}% 15
\BOOKMARK [1][-]{section.5}{\376\377\000S\000e\000r\000i\000a\000l\000\040\000I\000m\000p\000l\000e\000m\000e\000n\000t\000a\000t\000i\000o\000n}{}% 16
\BOOKMARK [2][-]{subsection.5.1}{\376\377\000C\000o\000r\000e\000\040\000D\000a\000t\000a\000\040\000S\000t\000r\000u\000c\000t\000u\000r\000e\000s}{section.5}% 17
\BOOKMARK [2][-]{subsection.5.2}{\376\377\000C\000l\000a\000s\000s\000\040\000H\000i\000e\000r\000a\000r\000c\000h\000y}{section.5}% 18
\BOOKMARK [2][-]{subsection.5.3}{\376\377\000S\000e\000r\000i\000a\000l\000\040\000A\000l\000g\000o\000r\000i\000t\000h\000m\000\040\000W\000o\000r\000k\000f\000l\000o\000w}{section.5}% 19
\BOOKMARK [2][-]{subsection.5.4}{\376\377\000C\000o\000n\000v\000e\000r\000g\000e\000n\000c\000e\000\040\000A\000n\000a\000l\000i\000s\000y\000s}{section.5}% 20
\BOOKMARK [1][-]{section.6}{\376\377\000P\000a\000r\000a\000l\000l\000e\000l\000i\000z\000a\000t\000i\000o\000n}{}% 21
\BOOKMARK [2][-]{subsection.6.1}{\376\377\000M\000a\000t\000h\000e\000m\000a\000t\000i\000c\000a\000l\000\040\000F\000o\000u\000n\000d\000a\000t\000i\000o\000n\000s}{section.6}% 22
\BOOKMARK [2][-]{subsection.6.2}{\376\377\000D\000o\000m\000a\000i\000n\000\040\000D\000e\000c\000o\000m\000p\000o\000s\000i\000t\000i\000o\000n}{section.6}% 23
\BOOKMARK [2][-]{subsection.6.3}{\376\377\000P\000a\000r\000a\000l\000l\000e\000l\000i\000z\000e\000d\000\040\000A\000l\000g\000o\000r\000i\000t\000h\000m\000\040\000D\000e\000t\000a\000i\000l\000s}{section.6}% 24
\BOOKMARK [3][-]{subsubsection.6.3.1}{\376\377\000P\000h\000a\000s\000e\000\040\0001\040\023\0002\000:\000\040\000L\000o\000c\000a\000l\000\040\000C\000o\000m\000p\000u\000t\000a\000t\000i\000o\000n\000\040\000\050\000N\000o\000\040\000M\000P\000I\000\040\000c\000o\000m\000m\000u\000n\000i\000c\000a\000t\000i\000o\000n\000\051}{subsection.6.3}% 25
\BOOKMARK [3][-]{subsubsection.6.3.2}{\376\377\000P\000h\000a\000s\000e\000\040\0003\000:\000\040\000M\000P\000I\000\040\000C\000o\000l\000l\000e\000c\000t\000i\000v\000e\000\040\000C\000o\000m\000m\000u\000n\000i\000c\000a\000t\000i\000o\000n}{subsection.6.3}% 26
\BOOKMARK [3][-]{subsubsection.6.3.3}{\376\377\000P\000h\000a\000s\000e\000\040\0004\040\023\0005\000:\000\040\000L\000o\000c\000a\000l\000\040\000F\000i\000n\000a\000l\000i\000z\000a\000t\000i\000o\000n\000\040\000\050\000N\000o\000\040\000M\000P\000I\000\040\000c\000o\000m\000m\000u\000n\000i\000c\000a\000t\000i\000o\000n\000\051}{subsection.6.3}% 27
\BOOKMARK [2][-]{subsection.6.4}{\376\377\000T\000e\000c\000h\000n\000i\000c\000a\000l\000\040\000D\000e\000e\000p\000\040\000D\000i\000v\000e\000:\000\040\000C\000+\000+\000\040\000I\000m\000p\000l\000e\000m\000e\000n\000t\000a\000t\000i\000o\000n}{section.6}% 28
\BOOKMARK [3][-]{subsubsection.6.4.1}{\376\377\000S\000c\000h\000u\000r\000C\000o\000m\000p\000l\000e\000m\000e\000n\000t\000S\000o\000l\000v\000e\000r}{subsection.6.4}% 29
\BOOKMARK [3][-]{subsubsection.6.4.2}{\376\377\000M\000P\000I\000T\000o\000p\000o\000l\000o\000g\000y\0003\000D}{subsection.6.4}% 30
\BOOKMARK [3][-]{subsubsection.6.4.3}{\376\377\000M\000P\000I\000C\000o\000m\000m\000u\000n\000i\000c\000a\000t\000o\000r}{subsection.6.4}% 31
\BOOKMARK [3][-]{subsubsection.6.4.4}{\376\377\000V\000e\000l\000o\000c\000i\000t\000y\000S\000o\000l\000v\000e\000r\000\040\000a\000n\000d\000\040\000P\000r\000e\000s\000s\000u\000r\000e\000S\000o\000l\000v\000e\000r}{subsection.6.4}% 32
\BOOKMARK [2][-]{subsection.6.5}{\376\377\000B\000a\000t\000c\000h\000e\000d\000\040\000S\000o\000l\000v\000e\000r\000\040\000O\000p\000t\000i\000m\000i\000z\000a\000t\000i\000o\000n}{section.6}% 33
\BOOKMARK [2][-]{subsection.6.6}{\376\377\000P\000a\000r\000a\000l\000l\000e\000l\000i\000z\000a\000t\000i\000o\000n\000\040\000R\000e\000s\000u\000l\000t\000s}{section.6}% 34
\BOOKMARK [1][-]{section.7}{\376\377\000C\000o\000n\000c\000l\000u\000s\000i\000o\000n\000i}{}% 35
